---
source: tera/src/snapshot_tests/parser.rs
expression: res.unwrap_err()
input_file: tera/src/snapshot_tests/parser_inputs/errors/component_default_non_literal_in_array.txt
---
error: Invalid default argument: this array should only contain literal values.
 --> component_default_non_literal_in_array.txt:1:26
  |
1 | {% component array(array=[a]) %}{% endcomponent %}
  |                          ^^^
