---
source: tera/src/snapshot_tests/parser.rs
expression: "&res_nodes"
input_file: tera/src/snapshot_tests/parser_inputs/success/tags/set.txt
---
[
    Set {
        name: "a",
        value: 1 @ 1:11-1:12 (11..12),
        global: false,
    },
    Set {
        name: "a",
        value: Filter {
            expr: BinaryOperation {
                op: Plus,
                left: Var {
                    name: "b",
                } @ 2:12-2:13 (28..29),
                right: 1 @ 2:16-2:17 (32..33),
            } @ 2:12-2:17 (28..33),
            name: "round",
            kwargs: {},
        } @ 2:21-2:26 (37..42),
        global: false,
    },
    Set {
        name: "a",
        value: "hi" @ 3:11-3:15 (57..61),
        global: false,
    },
    Set {
        name: "a",
        value: ComponentCall {
            name: "something",
            kwargs: [],
            body: [],
            self_closing: true,
        } @ 4:11-4:23 (76..88),
        global: false,
    },
    Set {
        name: "a",
        value: FunctionCall {
            name: "utcnow",
            kwargs: {},
        } @ 5:11-5:19 (103..111),
        global: false,
    },
    Set {
        name: "a",
        value: [
            I64(1),
            Bool(true),
            String("hello"),
        ] @ 6:11-6:29 (126..144),
        global: false,
    },
    Set {
        name: "a",
        value: [
            I64(1),
            Bool(true),
            Array([I64(1), I64(2)]),
        ] @ 7:11-7:27 (159..175),
        global: false,
    },
    Set {
        name: "a",
        value: 1 @ 8:18-8:19 (197..198),
        global: true,
    },
    BlockSet {
        name: "body",
        filters: [
            Filter {
                expr: () @ 9:12-9:13 (214..215),
                name: "upper",
                kwargs: {},
            } @ 9:14-9:19 (216..221),
        ],
        body: [
            "Hello",
        ],
        global: false,
    },
    BlockSet {
        name: "body",
        filters: [
            Filter {
                expr: () @ 10:19-10:20 (261..262),
                name: "upper",
                kwargs: {
                    "with": 1 @ 10:32-10:33 (274..275),
                },
            } @ 10:21-10:34 (263..276),
            Filter {
                expr: () @ 10:35-10:36 (277..278),
                name: "trans",
                kwargs: {
                    "lang": "fr" @ 10:48-10:52 (290..294),
                },
            } @ 10:37-10:53 (279..295),
        ],
        body: [
            "Hello",
        ],
        global: true,
    },
    Set {
        name: "value",
        value: {
            String(
                "hello",
            ): I64(0),
        } @ 11:15-11:27 (331..343),
        global: false,
    },
    Set {
        name: "value",
        value: Map {
            entries: [
                KeyValue {
                    key: String(
                        "hello",
                    ),
                    value: Var {
                        name: "data",
                    } @ 12:25-12:29 (372..376),
                },
            ],
        } @ 12:15-12:30 (362..377),
        global: false,
    },
    Set {
        name: "value",
        value: Map {
            entries: [
                KeyValue {
                    key: I64(
                        1,
                    ),
                    value: Var {
                        name: "data",
                    } @ 13:19-13:23 (400..404),
                },
            ],
        } @ 13:15-13:24 (396..405),
        global: false,
    },
    Set {
        name: "value",
        value: Map {
            entries: [
                KeyValue {
                    key: Bool(
                        true,
                    ),
                    value: Var {
                        name: "data",
                    } @ 14:22-14:26 (431..435),
                },
            ],
        } @ 14:15-14:27 (424..436),
        global: false,
    },
]
