---
source: tera/src/snapshot_tests/rendering.rs
expression: "&err"
input_file: tera/src/snapshot_tests/rendering_inputs/errors/filter_section_conversion_error.txt
---
error: The string `abc` cannot be converted to an int in base 10
 --> filter_section_conversion_error.txt:1:11
  |
1 | {% filter int %}abc{% endfilter %}
  |           ^^^
