---
source: tera/src/snapshot_tests/parser.rs
expression: res.unwrap_err()
input_file: tera/src/snapshot_tests/parser_inputs/errors/block_in_if_infor_tag.txt
---
error: Blocks cannot be written inside a for loop.
 --> block_in_if_infor_tag.txt:2:17
  |
2 | {% if true %}{% block popup -%} hello {%- endblock %}{% endif %}
  |                 ^^^^^

note: the for loop starts here block_in_if_infor_tag.txt:1:4
  |
1 | {% for v in array %}
  |    ^^^
