---
source: tera/src/snapshot_tests/rendering.rs
expression: "&normalized_out"
input_file: tera/src/snapshot_tests/rendering_inputs/success/escaping/set_filter_block_var.txt
---

Escaped only once: &lt;p&gt;Some HTML chars &amp; more&lt;/p&gt; 
Escaped once as well: &lt;p&gt;Some HTML chars &amp; more&lt;/p&gt;
