---
source: tera/src/snapshot_tests/parser.rs
expression: "&res_nodes"
input_file: tera/src/snapshot_tests/parser_inputs/success/tags/blocks.txt
---
[
    Block {
        name: "start" @ 1:9-1:14 (9..14),
        body: [
            "Hello ",
            Var {
                name: "world",
            } @ 2:8-2:13 (27..32),
            "!\n  ",
            Block {
                name: "nested" @ 3:11-3:17 (47..53),
                body: [
                    "\n    Even nested!\n  ",
                ],
            },
        ],
    },
    Block {
        name: "second" @ 8:20-8:26 (128..134),
        body: [
            FunctionCall {
                name: "super",
                kwargs: {},
            } @ 8:31-8:38 (139..146),
        ],
    },
    If {
        expr: true @ 10:6-10:10 (178..182),
        body: [
            "\n",
            Block {
                name: "hello" @ 11:9-11:14 (195..200),
                body: [],
            },
            "\n",
        ],
        false_body: [
            If {
                expr: BinaryOperation {
                    op: Equal,
                    left: 0 @ 12:8-12:9 (232..233),
                    right: 1 @ 12:13-12:14 (237..238),
                } @ 12:8-12:14 (232..238),
                body: [
                    "\n",
                    Block {
                        name: "hello2" @ 13:9-13:15 (251..257),
                        body: [],
                    },
                    "\n",
                ],
                false_body: [
                    "\n",
                    Block {
                        name: "hello3" @ 15:9-15:15 (302..308),
                        body: [],
                    },
                    "\n",
                ],
            },
        ],
    },
]
