---
source: tera/src/snapshot_tests/parser.rs
expression: res.unwrap_err()
input_file: tera/src/snapshot_tests/parser_inputs/errors/negation_missing_expr.txt
---
error: Found `}}` but expected one of: integer, float, string, bool, ident, `-`, `not`, `<`, `{`, `[` or `(`
 --> negation_missing_expr.txt:1:8
  |
1 | {{ not }}
  |        ^^
