---
source: tera/src/snapshot_tests/compiler.rs
expression: compiler.chunk
input_file: tera/src/snapshot_tests/compiler_inputs/success/for_else.txt
---
=== for_else.txt ===
0000 LoadName("items")
0001 StartIterate(false)
0002 StoreLocal("i")
0003 Iterate(6)
0004 WritePath(["i"])
0005 Jump(3)
0006 StoreDidNotIterate
0007 PopLoop
0008 PopJumpIfFalse(10)
0009 WriteText("Empty")
