---
source: tera/src/snapshot_tests/compiler.rs
expression: compiler.chunk
input_file: tera/src/snapshot_tests/compiler_inputs/success/logic_render.txt
---
=== logic_render.txt ===
0000 LoadName("a")
0001 JumpIfFalseOrPop(3)
0002 LoadName("b")
0003 WriteTop
0004 LoadName("a")
0005 JumpIfTrueOrPop(7)
0006 LoadName("b")
0007 WriteTop
0008 LoadName("a")
0009 JumpIfFalseOrPop(11)
0010 LoadName("b")
0011 JumpIfTrueOrPop(13)
0012 LoadName("c")
0013 WriteTop
0014 LoadName("a")
0015 JumpIfTrueOrPop(19)
0016 LoadName("b")
0017 JumpIfFalseOrPop(19)
0018 LoadName("c")
0019 WriteTop
0020 WriteText("\n")
