---
source: tera/src/snapshot_tests/rendering.rs
expression: "&normalized_out"
input_file: tera/src/snapshot_tests/rendering_inputs/success/filters.txt
---
&lt;html&gt;
<html>
B&amp;b
B&b
€ hello €
should not print
1
empty
not empty
Default val
Default val
Hello
3
["abc", "efgh", "ijklm"]
6
HELLO
hello
HTML
<html>
&lt;HTML&gt;
<HTML>
&lt;HTML&gt;
<HTML>
 hello 
 hello $
$ hello 
2
2
19
2.2
true
true
True
[3, 2, 1]
1
3
2
1, 2, 3
[1, 2, 3, 4]
["My review", "My review"]
[2015, 2015, 2016, 2017, 2018, , 2018]
[[0, 3, 6]]
[{"paragraphs": ["A", "B", "C"], "title": "My review"}, {"paragraphs": ["A", "B", "C"], "title": "My review"}]
{2015: [{"id": 1, "year": 2015}, {"id": 2, "year": 2015}], 2016: [{"id": 3, "year": 2016}], 2017: [{"id": 4, "year": 2017}], 2018: [{"id": 5, "year": 2018}, {"id": 7, "year": 2018}]}
indent1:one
    two
    three
indent2:  one
  two
  three
indent3:one
    two
    three
    

indent4:a
    b
END
indent5:a
END
Bob
7
Child
[]
[1, 2]
["a", "b"]
[]
["a", "b"]
[1, 2]
["Tchoupi", "Pilou", "Fanny"]
[1]
hello
he…
he^
wordcount: 3
&amp;lt;html&amp;gt;
one<br>two<br>three
pluralize(singular): message
pluralize(zero): categories
pluralize(multiple): categories
sort: [-1, 2, 3, 4, 5]
sort(empty): []
sort(strings): ["a", "b", "c"]
sort(attribute): [1, 2, 3, 4, 5, 7, 6]
sort(tuple index): [[1], [2], [3]]
map(filter): ["HELLO", "WORLD"]
map(filter+args): ["hello…", "foo b…"]
map(attr+filter): ["MY REVIEW", "MY REVIEW"]
map(attr+filter+args): ["My re…", "My re…"]
pairs(sorted): [["a", 2], ["b", 1]]
pairs(sort by value): [["b", 1], ["a", 2]]
pairs(empty): []
