---
source: tera/src/snapshot_tests/compiler.rs
expression: compiler.chunk
input_file: tera/src/snapshot_tests/compiler_inputs/success/for.txt
---
=== for.txt ===
0000 LoadName("my_array")
0001 BuildMap(0)
0002 ApplyFilter("sort")
0003 StartIterate(false)
0004 StoreLocal("v")
0005 Iterate(8)
0006 WritePath(["v"])
0007 Jump(5)
0008 PopLoop
