---
source: tera/src/snapshot_tests/parser.rs
expression: res.unwrap_err()
input_file: tera/src/snapshot_tests/parser_inputs/errors/component_default_mismatched_type.txt
---
error: Default value for `bar` has type `integer` but the argument has type `string`
 --> component_default_mismatched_type.txt:1:32
  |
1 | {% component foo(bar: string = 1) %}{{bar}}{% endcomponent %}
  |                                ^
