---
source: tera/src/snapshot_tests/compiler.rs
expression: compiler.chunk
input_file: tera/src/snapshot_tests/compiler_inputs/success/short_circuit_path.txt
---
=== short_circuit_path.txt ===
0000 LoadConst(Bool(false))
0001 JumpIfFalseOrPop(3)
0002 LoadPath(["user", "name"])
0003 WriteTop
0004 LoadConst(Bool(true))
0005 JumpIfTrueOrPop(7)
0006 LoadPath(["user", "name"])
0007 WriteTop
0008 LoadName("some_bool")
0009 JumpIfFalseOrPop(11)
0010 LoadPath(["product", "name"])
0011 WriteTop
0012 WriteText("\n")
