---
source: tera/src/snapshot_tests/parser.rs
expression: "components[0]"
input_file: tera/src/snapshot_tests/parser_inputs/success/components/def/types.txt
---
ComponentDefinition {
    name: "array",
    kwargs: {
        "age": ComponentArgument {
            default: None,
            typ: Some(
                Integer,
            ),
            implicit: false,
        },
        "data": ComponentArgument {
            default: Some(
                Map({}),
            ),
            typ: Some(
                Map,
            ),
            implicit: false,
        },
        "greeting": ComponentArgument {
            default: None,
            typ: Some(
                String,
            ),
            implicit: false,
        },
    },
    rest_param_name: None,
    metadata: {},
    body: [
        "Hello",
    ],
}
