---
source: tera/src/snapshot_tests/compiler.rs
expression: compiler.chunk
input_file: tera/src/snapshot_tests/compiler_inputs/success/for_builtin_loop_access.txt
---
=== for_builtin_loop_access.txt ===
0000 LoadName("my_array")
0001 StartIterate(false)
0002 StoreLocal("v")
0003 Iterate(8)
0004 WritePath(["__tera_loop_index"])
0005 WriteText(" ")
0006 WritePath(["v"])
0007 Jump(3)
0008 PopLoop
