---
source: tera/src/snapshot_tests/rendering.rs
expression: "&err"
input_file: tera/src/snapshot_tests/rendering_inputs/errors/invalid_plus_types.txt
---
error: `+` requires both operands to be numbers, found `array` and `i64`
 --> invalid_plus_types.txt:1:4
  |
1 | {{ [1, 2] + 3 }}
  |    ^^^^^^^^^^
